Selecting render devices...
Device NVIDIA GeForce RTX 4060 Laptop GPU of type OPTIX found and used.
Device 13th Gen Intel Core i7-13700HX of type CPU found and used.
============================================================
Generating Synthetic BOP Dataset
============================================================
Object: models/obj_000001.ply
Output: chasis_dataset/train_real/000001
Scenes: 100
Resolution: 640x480
============================================================

Loading CHASIS object...
Object size: 271.94 mm

Setting up camera...
Setting up lighting...

Generating 100 scenes...
  Scene 0/100...
  Scene 10/100...
  Scene 20/100...
  Scene 30/100...
  Scene 40/100...
  Scene 50/100...
  Scene 60/100...
  Scene 70/100...
  Scene 80/100...
  Scene 90/100...

Rendering all scenes...
Rendering 100 frames of colors, segmap...
